Component: ARM Compiler 5.06 update 7 (build 960) Tool: armlink [4d3601]

==============================================================================

Section Cross References

    main.o(.text) refers to delay.o(.text) for delay_init
    main.o(.text) refers to sys.o(.text) for NVIC_Config
    main.o(.text) refers to usart.o(.text) for uart3_init
    main.o(.text) refers to oled.o(.text) for OLED_Init
    main.o(.text) refers to ioi2c.o(.text) for IIC_Init
    main.o(.text) refers to mpu6050.o(.text) for MPU6050_initialize
    main.o(.text) refers to exti.o(.text) for MPU6050_EXTI_Init
    main.o(.text) refers to encoder.o(.text) for Encoder_TIM2_Init
    main.o(.text) refers to motor.o(.text) for Motor_Init
    main.o(.text) refers to adc.o(.text) for Adc_Init
    main.o(.text) refers to pwm.o(.text) for PWM_Init_TIM1
    main.o(.text) refers to key.o(.text) for KEY_GPIO_Config
    main.o(.text) refers to control.o(.text) for PID_ParaInit
    main.o(.text) refers to main.o(.data) for delay_flag
    system_stm32f10x.o(.text) refers to system_stm32f10x.o(.data) for SystemCoreClock
    delay.o(.text) refers to misc.o(.text) for SysTick_CLKSourceConfig
    delay.o(.text) refers to system_stm32f10x.o(.data) for SystemCoreClock
    delay.o(.text) refers to delay.o(.data) for fac_us
    sys.o(.text) refers to misc.o(.text) for NVIC_PriorityGroupConfig
    usart.o(.text) refers to stm32f10x_rcc.o(.text) for RCC_APB2PeriphClockCmd
    usart.o(.text) refers to stm32f10x_gpio.o(.text) for GPIO_Init
    usart.o(.text) refers to stm32f10x_usart.o(.text) for USART_Init
    usart.o(.text) refers to strlen.o(.text) for strlen
    usart.o(.text) refers to usart.o(.data) for Fore
    usart.o(.text) refers to control.o(.data) for BalanceState
    oled.o(.text) refers to stm32f10x_gpio.o(.text) for GPIO_SetBits
    oled.o(.text) refers to oled.o(.constdata) for F8X16
    oled.o(.text) refers to cdcmple.o(.text) for __aeabi_cdcmple
    oled.o(.text) refers to dfixi.o(.text) for __aeabi_d2iz
    oled.o(.text) refers to dflti.o(.text) for __aeabi_i2d
    oled.o(.text) refers to dadd.o(.text) for __aeabi_drsub
    oled.o(.text) refers to dmul.o(.text) for __aeabi_dmul
    oled.o(.text) refers to dfixui.o(.text) for __aeabi_d2uiz
    oled.o(.text) refers to dfltui.o(.text) for __aeabi_ui2d
    oled.o(.text) refers to oled.o(.data) for Hzk
    oled.o(.text) refers to stm32f10x_rcc.o(.text) for RCC_APB2PeriphClockCmd
    oled.o(.text) refers to delay.o(.text) for delay_ms
    control.o(.text) refers to fflti.o(.text) for __aeabi_i2f
    control.o(.text) refers to fmul.o(.text) for __aeabi_fmul
    control.o(.text) refers to fadd.o(.text) for __aeabi_fadd
    control.o(.text) refers to ffixi.o(.text) for __aeabi_f2iz
    control.o(.text) refers to cfrcmple.o(.text) for __aeabi_cfrcmple
    control.o(.text) refers to cfcmple.o(.text) for __aeabi_cfcmple
    control.o(.text) refers to key.o(.text) for KEY_Scan
    control.o(.text) refers to sys.o(.text) for MCU_Reset
    control.o(.text) refers to mpu6050.o(.text) for Read_Temperature
    control.o(.text) refers to ioi2c.o(.text) for I2C_ReadOneByte
    control.o(.text) refers to f2d.o(.text) for __aeabi_f2d
    control.o(.text) refers to atan2.o(i.atan2) for atan2
    control.o(.text) refers to dmul.o(.text) for __aeabi_dmul
    control.o(.text) refers to ddiv.o(.text) for __aeabi_ddiv
    control.o(.text) refers to d2f.o(.text) for __aeabi_d2f
    control.o(.text) refers to filter.o(.text) for Kalman_Filter
    control.o(.text) refers to stm32f10x_exti.o(.text) for EXTI_GetITStatus
    control.o(.text) refers to encoder.o(.text) for Read_Speed
    control.o(.text) refers to control.o(.bss) for PID
    control.o(.text) refers to control.o(.data) for Encoder_Err
    control.o(.text) refers to mpu6050.o(.data) for Roll
    control.o(.text) refers to filter.o(.data) for angle
    control.o(.text) refers to main.o(.data) for delay_flag
    control.o(.text) refers to adc.o(.text) for Get_battery_volt
    control.o(.text) refers to motor.o(.text) for Limit
    control.o(.text) refers to oled.o(.text) for OLED_ShowString
    control.o(.text) refers to usart.o(.data) for Fore
    encoder.o(.text) refers to stm32f10x_rcc.o(.text) for RCC_APB2PeriphClockCmd
    encoder.o(.text) refers to stm32f10x_gpio.o(.text) for GPIO_Init
    encoder.o(.text) refers to stm32f10x_tim.o(.text) for TIM_TimeBaseStructInit
    exti.o(.text) refers to stm32f10x_rcc.o(.text) for RCC_APB2PeriphClockCmd
    exti.o(.text) refers to stm32f10x_gpio.o(.text) for GPIO_Init
    exti.o(.text) refers to stm32f10x_exti.o(.text) for EXTI_Init
    motor.o(.text) refers to stm32f10x_rcc.o(.text) for RCC_APB2PeriphClockCmd
    motor.o(.text) refers to stm32f10x_gpio.o(.text) for GPIO_Init
    motor.o(.text) refers to stm32f10x_tim.o(.text) for TIM_SetCompare1
    motor.o(.text) refers to control.o(.data) for PWM_MAX
    pwm.o(.text) refers to stm32f10x_rcc.o(.text) for RCC_APB2PeriphClockCmd
[...]
    .text                                    0x08006038   Section       36  startup_stm32f10x_md.o(.text)
    .text                                    0x0800605c   Section        0  misc.o(.text)
    .text                                    0x08006138   Section        0  stm32f10x_adc.o(.text)
    .text                                    0x08006588   Section        0  stm32f10x_exti.o(.text)
    .text                                    0x080066a4   Section        0  stm32f10x_gpio.o(.text)
    .text                                    0x08006a00   Section        0  stm32f10x_rcc.o(.text)
    .text                                    0x08006da4   Section        0  stm32f10x_tim.o(.text)
    TI4_Config                               0x0800724b   Thumb Code   130  stm32f10x_tim.o(.text)
    TI3_Config                               0x080072df   Thumb Code   122  stm32f10x_tim.o(.text)
    TI2_Config                               0x08007373   Thumb Code   130  stm32f10x_tim.o(.text)
    TI1_Config                               0x08007407   Thumb Code   108  stm32f10x_tim.o(.text)
    .text                                    0x08007bc0   Section        0  stm32f10x_usart.o(.text)
    .text                                    0x08007fc8   Section        0  ldiv.o(.text)
    .text                                    0x0800802a   Section        0  memseta.o(.text)
    .text                                    0x0800804e   Section        0  strlen.o(.text)
    .text                                    0x0800805c   Section        0  memcmp.o(.text)
    .text                                    0x08008076   Section        0  fadd.o(.text)
    .text                                    0x08008126   Section        0  fmul.o(.text)
    .text                                    0x0800818a   Section        0  fdiv.o(.text)
    .text                                    0x08008206   Section        0  dadd.o(.text)
    .text                                    0x08008354   Section        0  dmul.o(.text)
    .text                                    0x08008438   Section        0  ddiv.o(.text)
    .text                                    0x08008516   Section        0  fflti.o(.text)
    .text                                    0x08008528   Section        0  ffltui.o(.text)
    .text                                    0x08008532   Section        0  dflti.o(.text)
    .text                                    0x08008554   Section        0  dfltui.o(.text)
    .text                                    0x0800856e   Section        0  ffixi.o(.text)
    .text                                    0x080085a0   Section        0  ffixui.o(.text)
    .text                                    0x080085c8   Section        0  dfixi.o(.text)
    .text                                    0x08008606   Section        0  dfixui.o(.text)
    .text                                    0x08008638   Section        0  f2d.o(.text)
    .text                                    0x08008660   Section       48  cdcmple.o(.text)
    .text                                    0x08008690   Section        0  d2f.o(.text)
    .text                                    0x080086c8   Section       20  cfcmple.o(.text)
    .text                                    0x080086dc   Section       20  cfrcmple.o(.text)
    .text                                    0x080086f0   Section        0  uidiv.o(.text)
    .text                                    0x0800871c   Section        0  uldiv.o(.text)
    .text                                    0x0800877e   Section        0  llshl.o(.text)
    .text                                    0x0800879c   Section        0  llushr.o(.text)
    .text                                    0x080087bc   Section        0  llsshr.o(.text)
    .text                                    0x080087e0   Section        0  iusefp.o(.text)
    .text                                    0x080087e0   Section        0  fepilogue.o(.text)
    .text                                    0x0800884e   Section        0  depilogue.o(.text)
    .text                                    0x08008908   Section        0  dscalb.o(.text)
    .text                                    0x08008938   Section       36  init.o(.text)
    .text                                    0x0800895c   Section        0  dsqrt.o(.text)
    .text                                    0x080089fe   Section        0  __dczerorl2.o(.text)
    i.__0printf$1                            0x08008a54   Section        0  printf1.o(i.__0printf$1)
    i.__ARM_fpclassify                       0x08008a74   Section        0  fpclassify.o(i.__ARM_fpclassify)
    i.__kernel_poly                          0x08008a9c   Section        0  poly.o(i.__kernel_poly)
    i.__mathlib_dbl_infnan                   0x08008b46   Section        0  dunder.o(i.__mathlib_dbl_infnan)
    i.__mathlib_dbl_infnan2                  0x08008b4c   Section        0  dunder.o(i.__mathlib_dbl_infnan2)
    i.__mathlib_dbl_invalid                  0x08008b50   Section        0  dunder.o(i.__mathlib_dbl_invalid)
    i.__mathlib_dbl_underflow                0x08008b5c   Section        0  dunder.o(i.__mathlib_dbl_underflow)
    i.__scatterload_copy                     0x08008b6c   Section       14  handlers.o(i.__scatterload_copy)
    i.__scatterload_null                     0x08008b7a   Section        2  handlers.o(i.__scatterload_null)
    i.__scatterload_zeroinit                 0x08008b7c   Section       14  handlers.o(i.__scatterload_zeroinit)
    i.__set_errno                            0x08008b8c   Section        0  errno.o(i.__set_errno)
    i._printf_core                           0x08008b98   Section        0  printf1.o(i._printf_core)
    _printf_core                             0x08008b99   Thumb Code   336  printf1.o(i._printf_core)
    i.asin                                   0x08008cec   Section        0  asin.o(i.asin)
    i.atan                                   0x08008f5c   Section        0  atan.o(i.atan)
    i.atan2                                  0x0800917c   Section        0  atan2.o(i.atan2)
    i.sqrt                                   0x08009318   Section        0  sqrt.o(i.sqrt)
    .constdata                               0x08009364   Section     2072  oled.o(.constdata)
    .constdata                               0x08009b7c   Section       80  inv_mpu.o(.constdata)
    .constdata                               0x08009bcc   Section     3062  inv_mpu_dmp_motion_driver.o(.constdata)
    dmp_memory                               0x08009bcc   Data        3062  inv_mpu_dmp_motion_driver.o(.constdata)
    .constdata                               0x0800a7c8   Section       80  asin.o(.constdata)
    pS                                       0x0800a7c8   Data          48  asin.o(.constdata)
    qS                                       0x0800a7f8   Data          32  asin.o(.constdata)
    .constdata                               0x0800a818   Section      152  atan.o(.constdata)
    atanhi                                   0x0800a818   Data          32  atan.o(.constdata)
    atanlo                                   0x0800a838   Data          32  atan.o(.constdata)
    aTodd                                    0x0800a858   Data          40  atan.o(.constdata)
    aTeven                                   0x0800a880   Data          48  atan.o(.constdata)
    .constdata                               0x0800a8b0   Section        8  qnan.o(.constdata)
    .conststring                             0x0800a8b8   Section       78  inv_mpu.o(.conststring)
    .data                                    0x20000000   Section        2  main.o(.data)
    .data                                    0x20000004   Section       20  system_stm32f10x.o(.data)
    .data                                    0x20000018   Section        4  delay.o(.data)
    fac_us                                   0x20000018   Data           1  delay.o(.data)
    fac_ms                                   0x2000001a   Data           2  delay.o(.data)
    .data                                    0x2000001c   Section        9  usart.o(.data)
    .data                                    0x20000025   Section      896  oled.o(.data)
    .data                                    0x200003a8   Section       76  control.o(.data)
    PWM_out                                  0x200003e0   Data           4  control.o(.data)
    Encoder_Err                              0x200003e4   Data           4  control.o(.data)
    Encoder_S                                0x200003e8   Data           4  control.o(.data)
    EnC_Err_Lowout                           0x200003ec   Data           4  control.o(.data)
    EnC_Err_Lowout_last                      0x200003f0   Data           4  control.o(.data)
    .data                                    0x200003f4   Section       56  mpu6050.o(.data)
    gyro_orientation                         0x2000041c   Data           9  mpu6050.o(.data)
    .data                                    0x2000042c   Section       84  filter.o(.data)
    .data                                    0x20000480   Section       44  inv_mpu.o(.data)
    st                                       0x20000480   Data          44  inv_mpu.o(.data)
    .data                                    0x200004ac   Section        1  key.o(.data)
    key_up                                   0x200004ac   Data           1  key.o(.data)
    .data                                    0x200004ad   Section       20  stm32f10x_rcc.o(.data)
    APBAHBPrescTable                         0x200004ad   Data          16  stm32f10x_rcc.o(.data)
    ADCPrescTable                            0x200004bd   Data           4  stm32f10x_rcc.o(.data)
    .data                                    0x200004c4   Section        4  errno.o(.data)
    _errno                                   0x200004c4   Data           4  errno.o(.data)
    .bss                                     0x200004c8   Section       48  control.o(.bss)
    .bss                                     0x200004f8   Section      146  mpu6050.o(.bss)
    .bss                                     0x2000058c   Section       16  filter.o(.bss)
    .bss                                     0x2000059c   Section       16  inv_mpu_dmp_motion_driver.o(.bss)
    dmp                                      0x2000059c   Data          16  inv_mpu_dmp_motion_driver.o(.bss)
    STACK                                    0x200005b0   Section     1024  startup_stm32f10x_md.o(STACK)

    Global Symbols

    Symbol Name                              Value     Ov Type        Size  Object(Section)

    BuildAttributes$$THM_ISAv4$P$D$K$B$S$PE$A:L22UL41UL21$X:L11$S22US41US21$IEEE1$IW$USESV6$~STKCKD$USESV7$~SHL$OTIME$ROPI$IEEEX$EBA8$MICROLIB$REQ8$PRES8$EABIv2 0x00000000   Number         0  anon$$obj.o ABSOLUTE
    __ARM_use_no_argv                        0x00000000   Number         0  main.o ABSOLUTE
    __use_no_errno                           0x00000000   Number         0  useno.o ABSOLUTE
    __use_no_exception_handling              0x00000000   Number         0  useno.o ABSOLUTE
    __use_no_fp                              0x00000000   Number         0  useno.o ABSOLUTE
    __use_no_heap                            0x00000000   Number         0  useno.o ABSOLUTE
    __use_no_heap_region                     0x00000000   Number         0  useno.o ABSOLUTE
    __use_no_semihosting                     0x00000000   Number         0  useno.o ABSOLUTE
    __use_no_semihosting_swi                 0x00000000   Number         0  useno.o ABSOLUTE
    __use_no_signal_handling                 0x00000000   Number         0  useno.o ABSOLUTE
    _printf_a                                0x00000000   Number         0  stubs.o ABSOLUTE
    _printf_c                                0x00000000   Number         0  stubs.o ABSOLUTE
    _printf_charcount                        0x00000000   Number         0  stubs.o ABSOLUTE
    _printf_d                                0x00000000   Number         0  stubs.o ABSOLUTE
    _printf_e                                0x00000000   Number         0  stubs.o ABSOLUTE
    _printf_f                                0x00000000   Number         0  stubs.o ABSOLUTE
    _printf_flags                            0x00000000   Number         0  stubs.o ABSOLUTE
    _printf_fp_dec                           0x00000000   Number         0  stubs.o ABSOLUTE
    _printf_fp_hex                           0x00000000   Number         0  stubs.o ABSOLUTE
    _printf_g                                0x00000000   Number         0  stubs.o ABSOLUTE
    _printf_i                                0x00000000   Number         0  stubs.o ABSOLUTE
    _printf_int_dec                          0x00000000   Number         0  stubs.o ABSOLUTE
    _printf_l                                0x00000000   Number         0  stubs.o ABSOLUTE
    _printf_lc                               0x00000000   Number         0  stubs.o ABSOLUTE
    _printf_ll                               0x00000000   Number         0  stubs.o ABSOLUTE
    _printf_lld                              0x00000000   Number         0  stubs.o ABSOLUTE
    _printf_lli                              0x00000000   Number         0  stubs.o ABSOLUTE
    _printf_llo                              0x00000000   Number         0  stubs.o ABSOLUTE
    _printf_llu                              0x00000000   Number         0  stubs.o ABSOLUTE
    _printf_llx                              0x00000000   Number         0  stubs.o ABSOLUTE
    _printf_longlong_dec                     0x00000000   Number         0  stubs.o ABSOLUTE
    _printf_longlong_hex                     0x00000000   Number         0  stubs.o ABSOLUTE
    _printf_longlong_oct                     0x00000000   Number         0  stubs.o ABSOLUTE
    _printf_ls                               0x00000000   Number         0  stubs.o ABSOLUTE
    _printf_mbtowc                           0x00000000   Number         0  stubs.o ABSOLUTE
    _printf_n                                0x00000000   Number         0  stubs.o ABSOLUTE
    _printf_o                                0x00000000   Number         0  stubs.o ABSOLUTE
    _printf_p                                0x00000000   Number         0  stubs.o ABSOLUTE
    _printf_percent                          0x00000000   Number         0  stubs.o ABSOLUTE
    _printf_pre_padding                      0x00000000   Number         0  stubs.o ABSOLUTE
    _printf_return_value                     0x00000000   Number         0  stubs.o ABSOLUTE
    _printf_s                                0x00000000   Number         0  stubs.o ABSOLUTE
    _printf_sizespec                         0x00000000   Number         0  stubs.o ABSOLUTE
    _printf_str                              0x00000000   Number         0  stubs.o ABSOLUTE
    _printf_truncate_signed                  0x00000000   Number         0  stubs.o ABSOLUTE
    _printf_truncate_unsigned                0x00000000   Number         0  stubs.o ABSOLUTE
    _printf_u                                0x00000000   Number         0  stubs.o ABSOLUTE
    _printf_wc                               0x00000000   Number         0  stubs.o ABSOLUTE
    _printf_wctomb                           0x00000000   Number         0  stubs.o ABSOLUTE
    _printf_widthprec                        0x00000000   Number         0  stubs.o ABSOLUTE
    _printf_x                                0x00000000   Number         0  stubs.o ABSOLUTE
    __arm_fini_                               - Undefined Weak Reference
    __cpp_initialize__aeabi_                  - Undefined Weak Reference
    __cxa_finalize                            - Undefined Weak Reference
    _clock_init                               - Undefined Weak Reference
    _microlib_exit                            - Undefined Weak Reference
    __Vectors_Size                           0x000000ec   Number         0  startup_stm32f10x_md.o ABSOLUTE
    __Vectors                                0x08000000   Data           4  startup_stm32f10x_md.o(RESET)
    __Vectors_End                            0x080000ec   Data           0  startup_stm32f10x_md.o(RESET)
    __main                                   0x080000ed   Thumb Code     0  entry.o(.ARM.Collect$$$$00000000)
    _main_stk                                0x080000ed   Thumb Code     0  entry2.o(.ARM.Collect$$$$00000001)
    _main_scatterload                        0x080000f1   Thumb Code     0  entry5.o(.ARM.Collect$$$$00000004)
    __main_after_scatterload                 0x080000f5   Thumb Code     0  entry5.o(.ARM.Collect$$$$00000004)
    _main_clock                              0x080000f5   Thumb Code     0  entry7b.o(.ARM.Collect$$$$00000008)
    _main_cpp_init                           0x080000f5   Thumb Code     0  entry8b.o(.ARM.Collect$$$$0000000A)
    _main_init                               0x080000f5   Thumb Code     0  entry9a.o(.ARM.Collect$$$$0000000B)
    __rt_lib_shutdown_fini                   0x080000fd   Thumb Code     0  entry12b.o(.ARM.Collect$$$$0000000E)
    __rt_final_cpp                           0x08000101   Thumb Code     0  entry10a.o(.ARM.Collect$$$$0000000F)
    __rt_final_exit                          0x08000101   Thumb Code     0  entry11a.o(.ARM.Collect$$$$00000011)
    main                                     0x08000105   Thumb Code   104  main.o(.text)
    NMI_Handler                              0x08000175   Thumb Code     2  stm32f10x_it.o(.text)
    HardFault_Handler                        0x08000177   Thumb Code     4  stm32f10x_it.o(.text)
    MemManage_Handler                        0x0800017b   Thumb Code     4  stm32f10x_it.o(.text)
    BusFault_Handler                         0x0800017f   Thumb Code     4  stm32f10x_it.o(.text)
    UsageFault_Handler                       0x08000183   Thumb Code     4  stm32f10x_it.o(.text)
    SVC_Handler                              0x08000187   Thumb Code     2  stm32f10x_it.o(.text)
    DebugMon_Handler                         0x08000189   Thumb Code     2  stm32f10x_it.o(.text)
    PendSV_Handler                           0x0800018b   Thumb Code     2  stm32f10x_it.o(.text)
    SysTick_Handler                          0x0800018d   Thumb Code     2  stm32f10x_it.o(.text)
    SystemInit                               0x0800026f   Thumb Code    78  system_stm32f10x.o(.text)
    SystemCoreClockUpdate                    0x080002bd   Thumb Code   142  system_stm32f10x.o(.text)
    delay_init                               0x08000371   Thumb Code    50  delay.o(.text)
    delay_us                                 0x080003a3   Thumb Code    72  delay.o(.text)
    delay_ms                                 0x080003eb   Thumb Code    72  delay.o(.text)
    NVIC_Config                              0x08000445   Thumb Code    68  sys.o(.text)
    MCU_Reset                                0x08000489   Thumb Code    44  sys.o(.text)
    _sys_exit                                0x080004bd   Thumb Code     6  usart.o(.text)
    fputc                                    0x080004c3   Thumb Code    24  usart.o(.text)
    uart3_init                               0x080004db   Thumb Code   130  usart.o(.text)
    USART3_IRQHandler                        0x0800055d   Thumb Code   196  usart.o(.text)
    USART3_Send_Data                         0x08000621   Thumb Code    28  usart.o(.text)
    USART3_Send_String                       0x0800063d   Thumb Code    34  usart.o(.text)
    OLED_IIC_Start                           0x0800067d   Thumb Code    36  oled.o(.text)
    OLED_IIC_Stop                            0x080006a1   Thumb Code    28  oled.o(.text)
    OLED_IIC_Wait_Ack                        0x080006bd   Thumb Code    20  oled.o(.text)
    OLED_Write_IIC_Byte                      0x080006d1   Thumb Code    80  oled.o(.text)
    OLED_Write_IIC_Command                   0x08000721   Thumb Code    44  oled.o(.text)
    OLED_Write_IIC_Data                      0x0800074d   Thumb Code    44  oled.o(.text)
    OLED_WR_Byte                             0x08000779   Thumb Code    24  oled.o(.text)
    fill_picture                             0x08000791   Thumb Code    64  oled.o(.text)
    Delay_50ms                               0x080007d1   Thumb Code    22  oled.o(.text)
    Delay_1ms                                0x080007e7   Thumb Code    26  oled.o(.text)
    OLED_Set_Pos                             0x08000801   Thumb Code    40  oled.o(.text)
    OLED_Display_On                          0x08000829   Thumb Code    28  oled.o(.text)
    OLED_Display_Off                         0x08000845   Thumb Code    28  oled.o(.text)
    OLED_Clear                               0x08000861   Thumb Code    62  oled.o(.text)
    OLED_On                                  0x0800089f   Thumb Code    62  oled.o(.text)
    OLED_ShowChar                            0x080008dd   Thumb Code   154  oled.o(.text)
    oled_pow                                 0x08000977   Thumb Code    22  oled.o(.text)
    OLED_ShowNumber                          0x0800098d   Thumb Code   136  oled.o(.text)
    OLED_ShowString                          0x08000a15   Thumb Code    54  oled.o(.text)
    OLED_ShowCHinese                         0x08000a4b   Thumb Code   112  oled.o(.text)
    OLED_DrawBMP                             0x08000abb   Thumb Code   118  oled.o(.text)
    OLED_Float                               0x08000b31   Thumb Code   442  oled.o(.text)
    OLED_Float2                              0x08000ceb   Thumb Code   366  oled.o(.text)
    OLED_Num_write                           0x08000e59   Thumb Code    62  oled.o(.text)
    OLED_fuhao_write                         0x08000e97   Thumb Code    58  oled.o(.text)
    OLED_Num2                                0x08000ed1   Thumb Code   156  oled.o(.text)
    OLED_Num3                                0x08000f6d   Thumb Code   200  oled.o(.text)
    OLED_Num4                                0x08001035   Thumb Code   134  oled.o(.text)
    OLED_Num5                                0x080010bb   Thumb Code   152  oled.o(.text)
    OLED_Init                                0x08001153   Thumb Code   290  oled.o(.text)
    Turn                                     0x08001275   Thumb Code    68  control.o(.text)
    Vertical                                 0x080012b9   Thumb Code    74  control.o(.text)
    Velocity                                 0x08001303   Thumb Code   260  control.o(.text)
    Key_Proc                                 0x08001407   Thumb Code    84  control.o(.text)
    Get_Angle                                0x0800145b   Thumb Code   448  control.o(.text)
    EXTI9_5_IRQHandler                       0x0800161b   Thumb Code   888  control.o(.text)
    PID_ParaInit                             0x08001993   Thumb Code    42  control.o(.text)
    Oled_Proc                                0x080019bd   Thumb Code  1550  control.o(.text)
    Encoder_TIM2_Init                        0x08002005   Thumb Code   146  encoder.o(.text)
    Encoder_TIM4_Init                        0x08002097   Thumb Code   148  encoder.o(.text)
    Read_Speed                               0x0800212b   Thumb Code    64  encoder.o(.text)
    TIM2_IRQHandler                          0x0800216b   Thumb Code    22  encoder.o(.text)
    TIM4_IRQHandler                          0x08002181   Thumb Code    22  encoder.o(.text)
    MPU6050_EXTI_Init                        0x080021a5   Thumb Code    74  exti.o(.text)
    Motor_Init                               0x080021f5   Thumb Code    40  motor.o(.text)
    Limit                                    0x0800221d   Thumb Code    66  motor.o(.text)
    abs                                      0x0800225f   Thumb Code    16  motor.o(.text)
    Load                                     0x0800226f   Thumb Code   116  motor.o(.text)
    PWM_Init_TIM1                            0x080022fd   Thumb Code   162  pwm.o(.text)
    Adc_Init                                 0x080023a9   Thumb Code   132  adc.o(.text)
    Get_Adc                                  0x0800242d   Thumb Code    46  adc.o(.text)
    Get_battery_volt                         0x0800245b   Thumb Code    78  adc.o(.text)
    MPU6050_newValues                        0x080025c7   Thumb Code   494  mpu6050.o(.text)
    MPU6050_setClockSource                   0x080027b5   Thumb Code    20  mpu6050.o(.text)
    MPU6050_setFullScaleGyroRange            0x080027c9   Thumb Code    20  mpu6050.o(.text)
    MPU6050_setFullScaleAccelRange           0x080027dd   Thumb Code    20  mpu6050.o(.text)
    MPU6050_setSleepEnabled                  0x080027f1   Thumb Code    18  mpu6050.o(.text)
    MPU6050_getDeviceID                      0x08002803   Thumb Code    20  mpu6050.o(.text)
    MPU6050_testConnection                   0x08002817   Thumb Code    18  mpu6050.o(.text)
    MPU6050_setI2CMasterModeEnabled          0x08002829   Thumb Code    18  mpu6050.o(.text)
    MPU6050_setI2CBypassEnabled              0x0800283b   Thumb Code    18  mpu6050.o(.text)
    MPU6050_initialize                       0x0800284d   Thumb Code    40  mpu6050.o(.text)
    DMP_Init                                 0x08002875   Thumb Code   128  mpu6050.o(.text)
    Read_DMP                                 0x080028f5   Thumb Code   396  mpu6050.o(.text)
    Read_Temperature                         0x08002a81   Thumb Code   110  mpu6050.o(.text)
    Kalman_Filter                            0x08002b3d   Thumb Code   558  filter.o(.text)
    Yijielvbo                                0x08002d6b   Thumb Code   132  filter.o(.text)
    mpu_reg_dump                             0x08002ecf   Thumb Code    72  inv_mpu.o(.text)
    mpu_read_reg                             0x08002f17   Thumb Code    66  inv_mpu.o(.text)
    mpu_set_int_latched                      0x08002f59   Thumb Code   102  inv_mpu.o(.text)
    mpu_set_sensors                          0x08002fbf   Thumb Code   202  inv_mpu.o(.text)
    mpu_set_bypass                           0x08003089   Thumb Code   328  inv_mpu.o(.text)
    mpu_reset_fifo                           0x080031d1   Thumb Code   444  inv_mpu.o(.text)
    mpu_configure_fifo                       0x0800338d   Thumb Code   106  inv_mpu.o(.text)
    mpu_set_lpf                              0x080033f7   Thumb Code   126  inv_mpu.o(.text)
    mpu_lp_accel_mode                        0x08003475   Thumb Code   218  inv_mpu.o(.text)
    mpu_set_sample_rate                      0x0800354f   Thumb Code   152  inv_mpu.o(.text)
    mpu_set_accel_fsr                        0x080035e7   Thumb Code   132  inv_mpu.o(.text)
    mpu_set_gyro_fsr                         0x0800366b   Thumb Code   132  inv_mpu.o(.text)
    mpu_init                                 0x080036ef   Thumb Code   416  inv_mpu.o(.text)
    myget_ms                                 0x0800388f   Thumb Code     2  inv_mpu.o(.text)
    mpu_get_gyro_reg                         0x08003891   Thumb Code   110  inv_mpu.o(.text)
    mpu_get_accel_reg                        0x080038ff   Thumb Code   110  inv_mpu.o(.text)
    mpu_get_temperature                      0x0800396d   Thumb Code   150  inv_mpu.o(.text)
    mpu_set_accel_bias                       0x08003a03   Thumb Code   468  inv_mpu.o(.text)
    mpu_get_gyro_fsr                         0x08003bd7   Thumb Code    64  inv_mpu.o(.text)
    mpu_get_accel_fsr                        0x08003c17   Thumb Code    72  inv_mpu.o(.text)
    mpu_get_lpf                              0x08003c5f   Thumb Code    74  inv_mpu.o(.text)
    mpu_get_sample_rate                      0x08003ca9   Thumb Code    26  inv_mpu.o(.text)
    mpu_get_compass_sample_rate              0x08003cc3   Thumb Code    10  inv_mpu.o(.text)
    mpu_set_compass_sample_rate              0x08003ccd   Thumb Code     8  inv_mpu.o(.text)
    mpu_get_gyro_sens                        0x08003cd5   Thumb Code    58  inv_mpu.o(.text)
    mpu_get_accel_sens                       0x08003d0f   Thumb Code    78  inv_mpu.o(.text)
    mpu_get_fifo_config                      0x08003d5d   Thumb Code    12  inv_mpu.o(.text)
    mpu_get_power_state                      0x08003d69   Thumb Code    22  inv_mpu.o(.text)
    mpu_get_int_status                       0x08003d7f   Thumb Code    64  inv_mpu.o(.text)
    mpu_read_fifo                            0x08003dbf   Thumb Code   520  inv_mpu.o(.text)
    mpu_read_fifo_stream                     0x08003fc7   Thumb Code   186  inv_mpu.o(.text)
    mpu_set_int_level                        0x08004081   Thumb Code    12  inv_mpu.o(.text)
    mpu_set_dmp_state                        0x0800475f   Thumb Code   138  inv_mpu.o(.text)
    mpu_run_self_test                        0x080047e9   Thumb Code   278  inv_mpu.o(.text)
    mpu_write_mem                            0x080048ff   Thumb Code   122  inv_mpu.o(.text)
    mpu_read_mem                             0x08004979   Thumb Code   122  inv_mpu.o(.text)
    mpu_load_firmware                        0x080049f3   Thumb Code   192  inv_mpu.o(.text)
    mpu_get_dmp_state                        0x08004ab3   Thumb Code    14  inv_mpu.o(.text)
    mpu_get_compass_reg                      0x08004ac1   Thumb Code     8  inv_mpu.o(.text)
    mpu_get_compass_fsr                      0x08004ac9   Thumb Code     8  inv_mpu.o(.text)
    mpu_lp_motion_interrupt                  0x08004ad1   Thumb Code   512  inv_mpu.o(.text)
    dmp_load_motion_driver_firmware          0x08004cd5   Thumb Code    20  inv_mpu_dmp_motion_driver.o(.text)
    dmp_set_orientation                      0x08004ce9   Thumb Code   290  inv_mpu_dmp_motion_driver.o(.text)
    dmp_set_gyro_bias                        0x08004e0b   Thumb Code   294  inv_mpu_dmp_motion_driver.o(.text)
    dmp_set_accel_bias                       0x08004f31   Thumb Code   300  inv_mpu_dmp_motion_driver.o(.text)
    dmp_set_fifo_rate                        0x0800505d   Thumb Code   136  inv_mpu_dmp_motion_driver.o(.text)
    dmp_get_fifo_rate                        0x080050e5   Thumb Code    12  inv_mpu_dmp_motion_driver.o(.text)
    dmp_set_tap_thresh                       0x080050f1   Thumb Code   396  inv_mpu_dmp_motion_driver.o(.text)
    dmp_set_tap_axes                         0x0800527d   Thumb Code    70  inv_mpu_dmp_motion_driver.o(.text)
    dmp_set_tap_count                        0x080052c3   Thumb Code    38  inv_mpu_dmp_motion_driver.o(.text)
    dmp_set_tap_time                         0x080052e9   Thumb Code    38  inv_mpu_dmp_motion_driver.o(.text)
    dmp_set_tap_time_multi                   0x0800530f   Thumb Code    38  inv_mpu_dmp_motion_driver.o(.text)
    dmp_set_shake_reject_thresh              0x08005335   Thumb Code    56  inv_mpu_dmp_motion_driver.o(.text)
    dmp_set_shake_reject_time                0x0800536d   Thumb Code    38  inv_mpu_dmp_motion_driver.o(.text)
    dmp_set_shake_reject_timeout             0x08005393   Thumb Code    38  inv_mpu_dmp_motion_driver.o(.text)
    dmp_get_pedometer_step_count             0x080053b9   Thumb Code    66  inv_mpu_dmp_motion_driver.o(.text)
    dmp_set_pedometer_step_count             0x080053fb   Thumb Code    42  inv_mpu_dmp_motion_driver.o(.text)
    dmp_get_pedometer_walk_time              0x08005425   Thumb Code    72  inv_mpu_dmp_motion_driver.o(.text)
    dmp_set_pedometer_walk_time              0x0800546d   Thumb Code    48  inv_mpu_dmp_motion_driver.o(.text)
    dmp_enable_6x_lp_quat                    0x0800549d   Thumb Code    84  inv_mpu_dmp_motion_driver.o(.text)
    dmp_enable_lp_quat                       0x080054f1   Thumb Code    60  inv_mpu_dmp_motion_driver.o(.text)
    dmp_enable_gyro_cal                      0x0800552d   Thumb Code    62  inv_mpu_dmp_motion_driver.o(.text)
    dmp_enable_feature                       0x0800556b   Thumb Code   530  inv_mpu_dmp_motion_driver.o(.text)
    dmp_get_enabled_features                 0x0800577d   Thumb Code    12  inv_mpu_dmp_motion_driver.o(.text)
    dmp_set_interrupt_mode                   0x080057e7   Thumb Code    66  inv_mpu_dmp_motion_driver.o(.text)
    dmp_read_fifo                            0x08005829   Thumb Code   514  inv_mpu_dmp_motion_driver.o(.text)
    dmp_register_tap_cb                      0x08005a2b   Thumb Code    10  inv_mpu_dmp_motion_driver.o(.text)
    dmp_register_android_orient_cb           0x08005a35   Thumb Code    10  inv_mpu_dmp_motion_driver.o(.text)
    IIC_Init                                 0x08005a45   Thumb Code    40  ioi2c.o(.text)
    IIC_Start                                0x08005a6d   Thumb Code    96  ioi2c.o(.text)
    IIC_Stop                                 0x08005acd   Thumb Code    68  ioi2c.o(.text)
    IIC_Wait_Ack                             0x08005b11   Thumb Code    96  ioi2c.o(.text)
    IIC_Ack                                  0x08005b71   Thumb Code    72  ioi2c.o(.text)
    IIC_NAck                                 0x08005bb9   Thumb Code    70  ioi2c.o(.text)
    IIC_Send_Byte                            0x08005bff   Thumb Code    94  ioi2c.o(.text)
    i2cWrite                                 0x08005c5d   Thumb Code    96  ioi2c.o(.text)
    IIC_Read_Byte                            0x08005cbd   Thumb Code   104  ioi2c.o(.text)
    i2cRead                                  0x08005d25   Thumb Code   118  ioi2c.o(.text)
    I2C_ReadOneByte                          0x08005d9b   Thumb Code    70  ioi2c.o(.text)
    IICreadBytes                             0x08005de1   Thumb Code   112  ioi2c.o(.text)
    IICwriteBytes                            0x08005e51   Thumb Code    70  ioi2c.o(.text)
    IICreadByte                              0x08005e97   Thumb Code    22  ioi2c.o(.text)
    IICwriteByte                             0x08005ead   Thumb Code    20  ioi2c.o(.text)
    IICwriteBits                             0x08005ec1   Thumb Code   106  ioi2c.o(.text)
    IICwriteBit                              0x08005f2b   Thumb Code    64  ioi2c.o(.text)
    KEY_GPIO_Config                          0x08005f6d   Thumb Code    34  key.o(.text)
    KEY_Scan                                 0x08005f8f   Thumb Code   162  key.o(.text)
    Reset_Handler                            0x08006039   Thumb Code     8  startup_stm32f10x_md.o(.text)
    ADC1_2_IRQHandler                        0x08006053   Thumb Code     0  startup_stm32f10x_md.o(.text)
    CAN1_RX1_IRQHandler                      0x08006053   Thumb Code     0  startup_stm32f10x_md.o(.text)
    CAN1_SCE_IRQHandler                      0x08006053   Thumb Code     0  startup_stm32f10x_md.o(.text)
    DMA1_Channel1_IRQHandler                 0x08006053   Thumb Code     0  startup_stm32f10x_md.o(.text)
    DMA1_Channel2_IRQHandler                 0x08006053   Thumb Code     0  startup_stm32f10x_md.o(.text)
    DMA1_Channel3_IRQHandler                 0x08006053   Thumb Code     0  startup_stm32f10x_md.o(.text)
    DMA1_Channel4_IRQHandler                 0x08006053   Thumb Code     0  startup_stm32f10x_md.o(.text)
    DMA1_Channel5_IRQHandler                 0x08006053   Thumb Code     0  startup_stm32f10x_md.o(.text)
    DMA1_Channel6_IRQHandler                 0x08006053   Thumb Code     0  startup_stm32f10x_md.o(.text)
    DMA1_Channel7_IRQHandler                 0x08006053   Thumb Code     0  startup_stm32f10x_md.o(.text)
    EXTI0_IRQHandler                         0x08006053   Thumb Code     0  startup_stm32f10x_md.o(.text)
    EXTI15_10_IRQHandler                     0x08006053   Thumb Code     0  startup_stm32f10x_md.o(.text)
    EXTI1_IRQHandler                         0x08006053   Thumb Code     0  startup_stm32f10x_md.o(.text)
    EXTI2_IRQHandler                         0x08006053   Thumb Code     0  startup_stm32f10x_md.o(.text)
    EXTI3_IRQHandler                         0x08006053   Thumb Code     0  startup_stm32f10x_md.o(.text)
    EXTI4_IRQHandler                         0x08006053   Thumb Code     0  startup_stm32f10x_md.o(.text)
    FLASH_IRQHandler                         0x08006053   Thumb Code     0  startup_stm32f10x_md.o(.text)
    I2C1_ER_IRQHandler                       0x08006053   Thumb Code     0  startup_stm32f10x_md.o(.text)
    I2C1_EV_IRQHandler                       0x08006053   Thumb Code     0  startup_stm32f10x_md.o(.text)
    I2C2_ER_IRQHandler                       0x08006053   Thumb Code     0  startup_stm32f10x_md.o(.text)
    I2C2_EV_IRQHandler                       0x08006053   Thumb Code     0  startup_stm32f10x_md.o(.text)
    PVD_IRQHandler                           0x08006053   Thumb Code     0  startup_stm32f10x_md.o(.text)
    RCC_IRQHandler                           0x08006053   Thumb Code     0  startup_stm32f10x_md.o(.text)
    RTCAlarm_IRQHandler                      0x08006053   Thumb Code     0  startup_stm32f10x_md.o(.text)
    RTC_IRQHandler                           0x08006053   Thumb Code     0  startup_stm32f10x_md.o(.text)
    SPI1_IRQHandler                          0x08006053   Thumb Code     0  startup_stm32f10x_md.o(.text)
    SPI2_IRQHandler                          0x08006053   Thumb Code     0  startup_stm32f10x_md.o(.text)
    TAMPER_IRQHandler                        0x08006053   Thumb Code     0  startup_stm32f10x_md.o(.text)
    TIM1_BRK_IRQHandler                      0x08006053   Thumb Code     0  startup_stm32f10x_md.o(.text)
    TIM1_CC_IRQHandler                       0x08006053   Thumb Code     0  startup_stm32f10x_md.o(.text)
    TIM1_TRG_COM_IRQHandler                  0x08006053   Thumb Code     0  startup_stm32f10x_md.o(.text)
    TIM1_UP_IRQHandler                       0x08006053   Thumb Code     0  startup_stm32f10x_md.o(.text)
    TIM3_IRQHandler                          0x08006053   Thumb Code     0  startup_stm32f10x_md.o(.text)
    USART1_IRQHandler                        0x08006053   Thumb Code     0  startup_stm32f10x_md.o(.text)
    USART2_IRQHandler                        0x08006053   Thumb Code     0  startup_stm32f10x_md.o(.text)
    USBWakeUp_IRQHandler                     0x08006053   Thumb Code     0  startup_stm32f10x_md.o(.text)
    USB_HP_CAN1_TX_IRQHandler                0x08006053   Thumb Code     0  startup_stm32f10x_md.o(.text)
    USB_LP_CAN1_RX0_IRQHandler               0x08006053   Thumb Code     0  startup_stm32f10x_md.o(.text)
    WWDG_IRQHandler                          0x08006053   Thumb Code     0  startup_stm32f10x_md.o(.text)
    NVIC_PriorityGroupConfig                 0x0800605d   Thumb Code    10  misc.o(.text)
    NVIC_Init                                0x08006067   Thumb Code   100  misc.o(.text)
    NVIC_SetVectorTable                      0x080060cb   Thumb Code    14  misc.o(.text)
    NVIC_SystemLPConfig                      0x080060d9   Thumb Code    34  misc.o(.text)
    SysTick_CLKSourceConfig                  0x080060fb   Thumb Code    40  misc.o(.text)
    ADC_DeInit                               0x08006139   Thumb Code    78  stm32f10x_adc.o(.text)
    ADC_Init                                 0x08006187   Thumb Code    70  stm32f10x_adc.o(.text)
    ADC_StructInit                           0x080061cd   Thumb Code    18  stm32f10x_adc.o(.text)
    ADC_Cmd                                  0x080061df   Thumb Code    22  stm32f10x_adc.o(.text)
    ADC_DMACmd                               0x080061f5   Thumb Code    22  stm32f10x_adc.o(.text)
    ADC_ITConfig                             0x0800620b   Thumb Code    24  stm32f10x_adc.o(.text)
    ADC_ResetCalibration                     0x08006223   Thumb Code    10  stm32f10x_adc.o(.text)
    ADC_GetResetCalibrationStatus            0x0800622d   Thumb Code    20  stm32f10x_adc.o(.text)
    ADC_StartCalibration                     0x08006241   Thumb Code    10  stm32f10x_adc.o(.text)
    ADC_GetCalibrationStatus                 0x0800624b   Thumb Code    20  stm32f10x_adc.o(.text)
    ADC_SoftwareStartConvCmd                 0x0800625f   Thumb Code    22  stm32f10x_adc.o(.text)
    ADC_GetSoftwareStartConvStatus           0x08006275   Thumb Code    20  stm32f10x_adc.o(.text)
    ADC_DiscModeChannelCountConfig           0x08006289   Thumb Code    24  stm32f10x_adc.o(.text)
    ADC_DiscModeCmd                          0x080062a1   Thumb Code    22  stm32f10x_adc.o(.text)
    ADC_RegularChannelConfig                 0x080062b7   Thumb Code   184  stm32f10x_adc.o(.text)
    ADC_ExternalTrigConvCmd                  0x0800636f   Thumb Code    22  stm32f10x_adc.o(.text)
    ADC_GetConversionValue                   0x08006385   Thumb Code     8  stm32f10x_adc.o(.text)
    ADC_GetDualModeConversionValue           0x0800638d   Thumb Code     8  stm32f10x_adc.o(.text)
    ADC_AutoInjectedConvCmd                  0x08006395   Thumb Code    22  stm32f10x_adc.o(.text)
    ADC_InjectedDiscModeCmd                  0x080063ab   Thumb Code    22  stm32f10x_adc.o(.text)
    ADC_ExternalTrigInjectedConvConfig       0x080063c1   Thumb Code    16  stm32f10x_adc.o(.text)
    ADC_ExternalTrigInjectedConvCmd          0x080063d1   Thumb Code    22  stm32f10x_adc.o(.text)
    ADC_SoftwareStartInjectedConvCmd         0x080063e7   Thumb Code    22  stm32f10x_adc.o(.text)
    ADC_GetSoftwareStartInjectedConvCmdStatus 0x080063fd   Thumb Code    20  stm32f10x_adc.o(.text)
    ADC_InjectedChannelConfig                0x08006411   Thumb Code   130  stm32f10x_adc.o(.text)
    ADC_InjectedSequencerLengthConfig        0x08006493   Thumb Code    24  stm32f10x_adc.o(.text)
    ADC_SetInjectedOffset                    0x080064ab   Thumb Code    20  stm32f10x_adc.o(.text)
    ADC_GetInjectedConversionValue           0x080064bf   Thumb Code    28  stm32f10x_adc.o(.text)
    ADC_AnalogWatchdogCmd                    0x080064db   Thumb Code    16  stm32f10x_adc.o(.text)
    ADC_AnalogWatchdogThresholdsConfig       0x080064eb   Thumb Code     6  stm32f10x_adc.o(.text)
    ADC_AnalogWatchdogSingleChannelConfig    0x080064f1   Thumb Code    16  stm32f10x_adc.o(.text)
    ADC_TempSensorVrefintCmd                 0x08006501   Thumb Code    64  stm32f10x_adc.o(.text)
    ADC_GetFlagStatus                        0x08006541   Thumb Code    18  stm32f10x_adc.o(.text)
    ADC_ClearFlag                            0x08006553   Thumb Code     6  stm32f10x_adc.o(.text)
    ADC_GetITStatus                          0x08006559   Thumb Code    36  stm32f10x_adc.o(.text)
    ADC_ClearITPendingBit                    0x0800657d   Thumb Code    10  stm32f10x_adc.o(.text)
    EXTI_DeInit                              0x08006589   Thumb Code    28  stm32f10x_exti.o(.text)
    EXTI_Init                                0x080065a5   Thumb Code   142  stm32f10x_exti.o(.text)
    EXTI_StructInit                          0x08006633   Thumb Code    16  stm32f10x_exti.o(.text)
    EXTI_GenerateSWInterrupt                 0x08006643   Thumb Code    16  stm32f10x_exti.o(.text)
    EXTI_GetFlagStatus                       0x08006653   Thumb Code    22  stm32f10x_exti.o(.text)
    EXTI_ClearFlag                           0x08006669   Thumb Code     8  stm32f10x_exti.o(.text)
    EXTI_GetITStatus                         0x08006671   Thumb Code    34  stm32f10x_exti.o(.text)
    EXTI_ClearITPendingBit                   0x08006693   Thumb Code     8  stm32f10x_exti.o(.text)
    GPIO_DeInit                              0x080066a5   Thumb Code   172  stm32f10x_gpio.o(.text)
    GPIO_AFIODeInit                          0x08006751   Thumb Code    20  stm32f10x_gpio.o(.text)
    GPIO_Init                                0x08006765   Thumb Code   278  stm32f10x_gpio.o(.text)
    GPIO_StructInit                          0x0800687b   Thumb Code    16  stm32f10x_gpio.o(.text)
    GPIO_ReadInputDataBit                    0x0800688b   Thumb Code    18  stm32f10x_gpio.o(.text)
    GPIO_ReadInputData                       0x0800689d   Thumb Code     8  stm32f10x_gpio.o(.text)
    GPIO_ReadOutputDataBit                   0x080068a5   Thumb Code    18  stm32f10x_gpio.o(.text)
    GPIO_ReadOutputData                      0x080068b7   Thumb Code     8  stm32f10x_gpio.o(.text)
    GPIO_SetBits                             0x080068bf   Thumb Code     4  stm32f10x_gpio.o(.text)
    GPIO_ResetBits                           0x080068c3   Thumb Code     4  stm32f10x_gpio.o(.text)
    GPIO_WriteBit                            0x080068c7   Thumb Code    10  stm32f10x_gpio.o(.text)
    GPIO_Write                               0x080068d1   Thumb Code     4  stm32f10x_gpio.o(.text)
    GPIO_PinLockConfig                       0x080068d5   Thumb Code    18  stm32f10x_gpio.o(.text)
    GPIO_EventOutputConfig                   0x080068e7   Thumb Code    26  stm32f10x_gpio.o(.text)
    GPIO_EventOutputCmd                      0x08006901   Thumb Code     6  stm32f10x_gpio.o(.text)
    GPIO_PinRemapConfig                      0x08006907   Thumb Code   138  stm32f10x_gpio.o(.text)
    GPIO_EXTILineConfig                      0x08006991   Thumb Code    66  stm32f10x_gpio.o(.text)
    GPIO_ETH_MediaInterfaceConfig            0x080069d3   Thumb Code     8  stm32f10x_gpio.o(.text)
    RCC_DeInit                               0x08006a01   Thumb Code    64  stm32f10x_rcc.o(.text)
    RCC_HSEConfig                            0x08006a41   Thumb Code    70  stm32f10x_rcc.o(.text)
    RCC_GetFlagStatus                        0x08006a87   Thumb Code    56  stm32f10x_rcc.o(.text)
    RCC_WaitForHSEStartUp                    0x08006abf   Thumb Code    56  stm32f10x_rcc.o(.text)
    RCC_AdjustHSICalibrationValue            0x08006af7   Thumb Code    20  stm32f10x_rcc.o(.text)
    RCC_HSICmd                               0x08006b0b   Thumb Code     6  stm32f10x_rcc.o(.text)
    RCC_PLLConfig                            0x08006b11   Thumb Code    24  stm32f10x_rcc.o(.text)
    RCC_PLLCmd                               0x08006b29   Thumb Code     6  stm32f10x_rcc.o(.text)
    RCC_SYSCLKConfig                         0x08006b2f   Thumb Code    18  stm32f10x_rcc.o(.text)
    RCC_GetSYSCLKSource                      0x08006b41   Thumb Code    10  stm32f10x_rcc.o(.text)
    RCC_HCLKConfig                           0x08006b4b   Thumb Code    18  stm32f10x_rcc.o(.text)
    RCC_PCLK1Config                          0x08006b5d   Thumb Code    18  stm32f10x_rcc.o(.text)
    RCC_PCLK2Config                          0x08006b6f   Thumb Code    20  stm32f10x_rcc.o(.text)
    RCC_ITConfig                             0x08006b83   Thumb Code    26  stm32f10x_rcc.o(.text)
    RCC_USBCLKConfig                         0x08006b9d   Thumb Code     8  stm32f10x_rcc.o(.text)
    RCC_ADCCLKConfig                         0x08006ba5   Thumb Code    18  stm32f10x_rcc.o(.text)
    RCC_LSEConfig                            0x08006bb7   Thumb Code    50  stm32f10x_rcc.o(.text)
    RCC_LSICmd                               0x08006be9   Thumb Code     6  stm32f10x_rcc.o(.text)
    RCC_RTCCLKConfig                         0x08006bef   Thumb Code    12  stm32f10x_rcc.o(.text)
    RCC_RTCCLKCmd                            0x08006bfb   Thumb Code     8  stm32f10x_rcc.o(.text)
    RCC_GetClocksFreq                        0x08006c03   Thumb Code   192  stm32f10x_rcc.o(.text)
    RCC_AHBPeriphClockCmd                    0x08006cc3   Thumb Code    26  stm32f10x_rcc.o(.text)
    RCC_APB2PeriphClockCmd                   0x08006cdd   Thumb Code    26  stm32f10x_rcc.o(.text)
    RCC_APB1PeriphClockCmd                   0x08006cf7   Thumb Code    26  stm32f10x_rcc.o(.text)
    RCC_APB2PeriphResetCmd                   0x08006d11   Thumb Code    26  stm32f10x_rcc.o(.text)
    RCC_APB1PeriphResetCmd                   0x08006d2b   Thumb Code    26  stm32f10x_rcc.o(.text)
    RCC_BackupResetCmd                       0x08006d45   Thumb Code     8  stm32f10x_rcc.o(.text)
    RCC_ClockSecuritySystemCmd               0x08006d4d   Thumb Code     6  stm32f10x_rcc.o(.text)
    RCC_MCOConfig                            0x08006d53   Thumb Code     6  stm32f10x_rcc.o(.text)
    RCC_ClearFlag                            0x08006d59   Thumb Code    14  stm32f10x_rcc.o(.text)
    RCC_GetITStatus                          0x08006d67   Thumb Code    20  stm32f10x_rcc.o(.text)
    RCC_ClearITPendingBit                    0x08006d7b   Thumb Code     6  stm32f10x_rcc.o(.text)
    TIM_DeInit                               0x08006da5   Thumb Code   424  stm32f10x_tim.o(.text)
    TIM_TimeBaseInit                         0x08006f4d   Thumb Code   122  stm32f10x_tim.o(.text)
    TIM_OC1Init                              0x08006fc7   Thumb Code   132  stm32f10x_tim.o(.text)
    TIM_OC2Init                              0x0800704b   Thumb Code   154  stm32f10x_tim.o(.text)
    TIM_OC3Init                              0x080070e5   Thumb Code   150  stm32f10x_tim.o(.text)
    TIM_OC4Init                              0x0800717b   Thumb Code   182  stm32f10x_tim.o(.text)
    TIM_SetIC4Prescaler                      0x08007231   Thumb Code    26  stm32f10x_tim.o(.text)
    TIM_SetIC3Prescaler                      0x080072cd   Thumb Code    18  stm32f10x_tim.o(.text)
    TIM_SetIC2Prescaler                      0x08007359   Thumb Code    26  stm32f10x_tim.o(.text)
    TIM_SetIC1Prescaler                      0x080073f5   Thumb Code    18  stm32f10x_tim.o(.text)
    TIM_ICInit                               0x08007473   Thumb Code   150  stm32f10x_tim.o(.text)
    TIM_PWMIConfig                           0x08007509   Thumb Code   124  stm32f10x_tim.o(.text)
    TIM_BDTRConfig                           0x08007585   Thumb Code    32  stm32f10x_tim.o(.text)
    TIM_TimeBaseStructInit                   0x080075a5   Thumb Code    18  stm32f10x_tim.o(.text)
    TIM_OCStructInit                         0x080075b7   Thumb Code    20  stm32f10x_tim.o(.text)
    TIM_ICStructInit                         0x080075cb   Thumb Code    18  stm32f10x_tim.o(.text)
    TIM_BDTRStructInit                       0x080075dd   Thumb Code    40  stm32f10x_tim.o(.text)
    TIM_Cmd                                  0x08007605   Thumb Code    24  stm32f10x_tim.o(.text)
    TIM_CtrlPWMOutputs                       0x0800761d   Thumb Code    30  stm32f10x_tim.o(.text)
    TIM_ITConfig                             0x0800763b   Thumb Code    18  stm32f10x_tim.o(.text)
    TIM_GenerateEvent                        0x0800764d   Thumb Code     4  stm32f10x_tim.o(.text)
    TIM_DMAConfig                            0x08007651   Thumb Code    10  stm32f10x_tim.o(.text)
    TIM_DMACmd                               0x0800765b   Thumb Code    18  stm32f10x_tim.o(.text)
    TIM_InternalClockConfig                  0x0800766d   Thumb Code    12  stm32f10x_tim.o(.text)
    TIM_SelectInputTrigger                   0x08007679   Thumb Code    18  stm32f10x_tim.o(.text)
    TIM_ITRxExternalClockConfig              0x0800768b   Thumb Code    24  stm32f10x_tim.o(.text)
    TIM_TIxExternalClockConfig               0x080076a3   Thumb Code    62  stm32f10x_tim.o(.text)
    TIM_ETRConfig                            0x080076e1   Thumb Code    28  stm32f10x_tim.o(.text)
    TIM_ETRClockMode1Config                  0x080076fd   Thumb Code    54  stm32f10x_tim.o(.text)
    TIM_ETRClockMode2Config                  0x08007733   Thumb Code    32  stm32f10x_tim.o(.text)
    TIM_PrescalerConfig                      0x08007753   Thumb Code     6  stm32f10x_tim.o(.text)
    TIM_CounterModeConfig                    0x08007759   Thumb Code    18  stm32f10x_tim.o(.text)
    TIM_EncoderInterfaceConfig               0x0800776b   Thumb Code    66  stm32f10x_tim.o(.text)
    TIM_ForcedOC1Config                      0x080077ad   Thumb Code    18  stm32f10x_tim.o(.text)
    TIM_ForcedOC2Config                      0x080077bf   Thumb Code    26  stm32f10x_tim.o(.text)
    TIM_ForcedOC3Config                      0x080077d9   Thumb Code    18  stm32f10x_tim.o(.text)
    TIM_ForcedOC4Config                      0x080077eb   Thumb Code    26  stm32f10x_tim.o(.text)
    TIM_ARRPreloadConfig                     0x08007805   Thumb Code    24  stm32f10x_tim.o(.text)
    TIM_SelectCOM                            0x0800781d   Thumb Code    24  stm32f10x_tim.o(.text)
    TIM_SelectCCDMA                          0x08007835   Thumb Code    24  stm32f10x_tim.o(.text)
    TIM_CCPreloadControl                     0x0800784d   Thumb Code    24  stm32f10x_tim.o(.text)
    TIM_OC1PreloadConfig                     0x08007865   Thumb Code    18  stm32f10x_tim.o(.text)
    TIM_OC2PreloadConfig                     0x08007877   Thumb Code    26  stm32f10x_tim.o(.text)
    TIM_OC3PreloadConfig                     0x08007891   Thumb Code    18  stm32f10x_tim.o(.text)
    TIM_OC4PreloadConfig                     0x080078a3   Thumb Code    26  stm32f10x_tim.o(.text)
    TIM_OC1FastConfig                        0x080078bd   Thumb Code    18  stm32f10x_tim.o(.text)
    TIM_OC2FastConfig                        0x080078cf   Thumb Code    26  stm32f10x_tim.o(.text)
    TIM_OC3FastConfig                        0x080078e9   Thumb Code    18  stm32f10x_tim.o(.text)
    TIM_OC4FastConfig                        0x080078fb   Thumb Code    26  stm32f10x_tim.o(.text)
    TIM_ClearOC1Ref                          0x08007915   Thumb Code    18  stm32f10x_tim.o(.text)
    TIM_ClearOC2Ref                          0x08007927   Thumb Code    24  stm32f10x_tim.o(.text)
    TIM_ClearOC3Ref                          0x0800793f   Thumb Code    18  stm32f10x_tim.o(.text)
    TIM_ClearOC4Ref                          0x08007951   Thumb Code    24  stm32f10x_tim.o(.text)
    TIM_OC1PolarityConfig                    0x08007969   Thumb Code    18  stm32f10x_tim.o(.text)
    TIM_OC1NPolarityConfig                   0x0800797b   Thumb Code    18  stm32f10x_tim.o(.text)
    TIM_OC2PolarityConfig                    0x0800798d   Thumb Code    26  stm32f10x_tim.o(.text)
    TIM_OC2NPolarityConfig                   0x080079a7   Thumb Code    26  stm32f10x_tim.o(.text)
    TIM_OC3PolarityConfig                    0x080079c1   Thumb Code    26  stm32f10x_tim.o(.text)
    TIM_OC3NPolarityConfig                   0x080079db   Thumb Code    26  stm32f10x_tim.o(.text)
    TIM_OC4PolarityConfig                    0x080079f5   Thumb Code    26  stm32f10x_tim.o(.text)
    TIM_CCxCmd                               0x08007a0f   Thumb Code    30  stm32f10x_tim.o(.text)
    TIM_CCxNCmd                              0x08007a2d   Thumb Code    30  stm32f10x_tim.o(.text)
    TIM_SelectOCxM                           0x08007a4b   Thumb Code    82  stm32f10x_tim.o(.text)
    TIM_UpdateDisableConfig                  0x08007a9d   Thumb Code    24  stm32f10x_tim.o(.text)
    TIM_UpdateRequestConfig                  0x08007ab5   Thumb Code    24  stm32f10x_tim.o(.text)
    TIM_SelectHallSensor                     0x08007acd   Thumb Code    24  stm32f10x_tim.o(.text)
    TIM_SelectOnePulseMode                   0x08007ae5   Thumb Code    18  stm32f10x_tim.o(.text)
    TIM_SelectOutputTrigger                  0x08007af7   Thumb Code    18  stm32f10x_tim.o(.text)
    TIM_SelectSlaveMode                      0x08007b09   Thumb Code    18  stm32f10x_tim.o(.text)
    TIM_SelectMasterSlaveMode                0x08007b1b   Thumb Code    18  stm32f10x_tim.o(.text)
    TIM_SetCounter                           0x08007b2d   Thumb Code     4  stm32f10x_tim.o(.text)
    TIM_SetAutoreload                        0x08007b31   Thumb Code     4  stm32f10x_tim.o(.text)
    TIM_SetCompare1                          0x08007b35   Thumb Code     4  stm32f10x_tim.o(.text)
    TIM_SetCompare2                          0x08007b39   Thumb Code     4  stm32f10x_tim.o(.text)
    TIM_SetCompare3                          0x08007b3d   Thumb Code     4  stm32f10x_tim.o(.text)
    TIM_SetCompare4                          0x08007b41   Thumb Code     6  stm32f10x_tim.o(.text)
    TIM_SetClockDivision                     0x08007b47   Thumb Code    18  stm32f10x_tim.o(.text)
    TIM_GetCapture1                          0x08007b59   Thumb Code     6  stm32f10x_tim.o(.text)
    TIM_GetCapture2                          0x08007b5f   Thumb Code     6  stm32f10x_tim.o(.text)
    TIM_GetCapture3                          0x08007b65   Thumb Code     6  stm32f10x_tim.o(.text)
    TIM_GetCapture4                          0x08007b6b   Thumb Code     8  stm32f10x_tim.o(.text)
    TIM_GetCounter                           0x08007b73   Thumb Code     6  stm32f10x_tim.o(.text)
    TIM_GetPrescaler                         0x08007b79   Thumb Code     6  stm32f10x_tim.o(.text)
    TIM_GetFlagStatus                        0x08007b7f   Thumb Code    18  stm32f10x_tim.o(.text)
    TIM_ClearFlag                            0x08007b91   Thumb Code     6  stm32f10x_tim.o(.text)
    TIM_GetITStatus                          0x08007b97   Thumb Code    34  stm32f10x_tim.o(.text)
    TIM_ClearITPendingBit                    0x08007bb9   Thumb Code     6  stm32f10x_tim.o(.text)
    USART_DeInit                             0x08007bc1   Thumb Code   134  stm32f10x_usart.o(.text)
    USART_Init                               0x08007c47   Thumb Code   210  stm32f10x_usart.o(.text)
    USART_StructInit                         0x08007d19   Thumb Code    24  stm32f10x_usart.o(.text)
    USART_ClockInit                          0x08007d31   Thumb Code    34  stm32f10x_usart.o(.text)
    USART_ClockStructInit                    0x08007d53   Thumb Code    12  stm32f10x_usart.o(.text)
    USART_Cmd                                0x08007d5f   Thumb Code    24  stm32f10x_usart.o(.text)
    USART_ITConfig                           0x08007d77   Thumb Code    74  stm32f10x_usart.o(.text)
    USART_DMACmd                             0x08007dc1   Thumb Code    18  stm32f10x_usart.o(.text)
    USART_SetAddress                         0x08007dd3   Thumb Code    18  stm32f10x_usart.o(.text)
    USART_WakeUpConfig                       0x08007de5   Thumb Code    18  stm32f10x_usart.o(.text)
    USART_ReceiverWakeUpCmd                  0x08007df7   Thumb Code    24  stm32f10x_usart.o(.text)
    USART_LINBreakDetectLengthConfig         0x08007e0f   Thumb Code    18  stm32f10x_usart.o(.text)
    USART_LINCmd                             0x08007e21   Thumb Code    24  stm32f10x_usart.o(.text)
    USART_SendData                           0x08007e39   Thumb Code     8  stm32f10x_usart.o(.text)
    USART_ReceiveData                        0x08007e41   Thumb Code    10  stm32f10x_usart.o(.text)
    USART_SendBreak                          0x08007e4b   Thumb Code    10  stm32f10x_usart.o(.text)
    USART_SetGuardTime                       0x08007e55   Thumb Code    16  stm32f10x_usart.o(.text)
    USART_SetPrescaler                       0x08007e65   Thumb Code    16  stm32f10x_usart.o(.text)
    USART_SmartCardCmd                       0x08007e75   Thumb Code    24  stm32f10x_usart.o(.text)
    USART_SmartCardNACKCmd                   0x08007e8d   Thumb Code    24  stm32f10x_usart.o(.text)
    USART_HalfDuplexCmd                      0x08007ea5   Thumb Code    24  stm32f10x_usart.o(.text)
    USART_OverSampling8Cmd                   0x08007ebd   Thumb Code    22  stm32f10x_usart.o(.text)
    USART_OneBitMethodCmd                    0x08007ed3   Thumb Code    24  stm32f10x_usart.o(.text)
    USART_IrDAConfig                         0x08007eeb   Thumb Code    18  stm32f10x_usart.o(.text)
    USART_IrDACmd                            0x08007efd   Thumb Code    24  stm32f10x_usart.o(.text)
    USART_GetFlagStatus                      0x08007f15   Thumb Code    26  stm32f10x_usart.o(.text)
    USART_ClearFlag                          0x08007f2f   Thumb Code    18  stm32f10x_usart.o(.text)
    USART_GetITStatus                        0x08007f41   Thumb Code    84  stm32f10x_usart.o(.text)
    USART_ClearITPendingBit                  0x08007f95   Thumb Code    52  stm32f10x_usart.o(.text)
    __aeabi_ldivmod                          0x08007fc9   Thumb Code    98  ldiv.o(.text)
    __aeabi_memset                           0x0800802b   Thumb Code    14  memseta.o(.text)
    __aeabi_memset4                          0x0800802b   Thumb Code     0  memseta.o(.text)
    __aeabi_memset8                          0x0800802b   Thumb Code     0  memseta.o(.text)
    __aeabi_memclr                           0x08008039   Thumb Code     4  memseta.o(.text)
    __aeabi_memclr4                          0x08008039   Thumb Code     0  memseta.o(.text)
    __aeabi_memclr8                          0x08008039   Thumb Code     0  memseta.o(.text)
    _memset$wrapper                          0x0800803d   Thumb Code    18  memseta.o(.text)
    strlen                                   0x0800804f   Thumb Code    14  strlen.o(.text)
    memcmp                                   0x0800805d   Thumb Code    26  memcmp.o(.text)
    __aeabi_fadd                             0x08008077   Thumb Code   164  fadd.o(.text)
    __aeabi_fsub                             0x0800811b   Thumb Code     6  fadd.o(.text)
    __aeabi_frsub                            0x08008121   Thumb Code     6  fadd.o(.text)
    __aeabi_fmul                             0x08008127   Thumb Code   100  fmul.o(.text)
    __aeabi_fdiv                             0x0800818b   Thumb Code   124  fdiv.o(.text)
    __aeabi_dadd                             0x08008207   Thumb Code   322  dadd.o(.text)
    __aeabi_dsub                             0x08008349   Thumb Code     6  dadd.o(.text)
    __aeabi_drsub                            0x0800834f   Thumb Code     6  dadd.o(.text)
    __aeabi_dmul                             0x08008355   Thumb Code   228  dmul.o(.text)
    __aeabi_ddiv                             0x08008439   Thumb Code   222  ddiv.o(.text)
    __aeabi_i2f                              0x08008517   Thumb Code    18  fflti.o(.text)
    __aeabi_ui2f                             0x08008529   Thumb Code    10  ffltui.o(.text)
    __aeabi_i2d                              0x08008533   Thumb Code    34  dflti.o(.text)
    __aeabi_ui2d                             0x08008555   Thumb Code    26  dfltui.o(.text)
    __aeabi_f2iz                             0x0800856f   Thumb Code    50  ffixi.o(.text)
    __aeabi_f2uiz                            0x080085a1   Thumb Code    40  ffixui.o(.text)
    __aeabi_d2iz                             0x080085c9   Thumb Code    62  dfixi.o(.text)
    __aeabi_d2uiz                            0x08008607   Thumb Code    50  dfixui.o(.text)
    __aeabi_f2d                              0x08008639   Thumb Code    38  f2d.o(.text)
    __aeabi_cdcmpeq                          0x08008661   Thumb Code     0  cdcmple.o(.text)
    __aeabi_cdcmple                          0x08008661   Thumb Code    48  cdcmple.o(.text)
    __aeabi_d2f                              0x08008691   Thumb Code    56  d2f.o(.text)
    __aeabi_cfcmpeq                          0x080086c9   Thumb Code     0  cfcmple.o(.text)
    __aeabi_cfcmple                          0x080086c9   Thumb Code    20  cfcmple.o(.text)
    __aeabi_cfrcmple                         0x080086dd   Thumb Code    20  cfrcmple.o(.text)
    __aeabi_uidiv                            0x080086f1   Thumb Code     0  uidiv.o(.text)
    __aeabi_uidivmod                         0x080086f1   Thumb Code    44  uidiv.o(.text)
    __aeabi_uldivmod                         0x0800871d   Thumb Code    98  uldiv.o(.text)
    __aeabi_llsl                             0x0800877f   Thumb Code    30  llshl.o(.text)
    _ll_shift_l                              0x0800877f   Thumb Code     0  llshl.o(.text)
    __aeabi_llsr                             0x0800879d   Thumb Code    32  llushr.o(.text)
    _ll_ushift_r                             0x0800879d   Thumb Code     0  llushr.o(.text)
    __aeabi_lasr                             0x080087bd   Thumb Code    36  llsshr.o(.text)
    _ll_sshift_r                             0x080087bd   Thumb Code     0  llsshr.o(.text)
    __I$use$fp                               0x080087e1   Thumb Code     0  iusefp.o(.text)
    _float_round                             0x080087e1   Thumb Code    18  fepilogue.o(.text)
    _float_epilogue                          0x080087f3   Thumb Code    92  fepilogue.o(.text)
    _double_round                            0x0800884f   Thumb Code    30  depilogue.o(.text)
    _double_epilogue                         0x0800886d   Thumb Code   156  depilogue.o(.text)
    __ARM_scalbn                             0x08008909   Thumb Code    46  dscalb.o(.text)
    scalbn                                   0x08008909   Thumb Code     0  dscalb.o(.text)
    __scatterload                            0x08008939   Thumb Code    28  init.o(.text)
    __scatterload_rt2                        0x08008939   Thumb Code     0  init.o(.text)
    _dsqrt                                   0x0800895d   Thumb Code   162  dsqrt.o(.text)
    __decompress                             0x080089ff   Thumb Code     0  __dczerorl2.o(.text)
    __decompress1                            0x080089ff   Thumb Code    86  __dczerorl2.o(.text)
    __0printf$1                              0x08008a55   Thumb Code    22  printf1.o(i.__0printf$1)
    __1printf$1                              0x08008a55   Thumb Code     0  printf1.o(i.__0printf$1)
    __2printf                                0x08008a55   Thumb Code     0  printf1.o(i.__0printf$1)
    __ARM_fpclassify                         0x08008a75   Thumb Code    40  fpclassify.o(i.__ARM_fpclassify)
    __kernel_poly                            0x08008a9d   Thumb Code   170  poly.o(i.__kernel_poly)
    __mathlib_dbl_infnan                     0x08008b47   Thumb Code     6  dunder.o(i.__mathlib_dbl_infnan)
    __mathlib_dbl_infnan2                    0x08008b4d   Thumb Code     4  dunder.o(i.__mathlib_dbl_infnan2)
    __mathlib_dbl_invalid                    0x08008b51   Thumb Code    12  dunder.o(i.__mathlib_dbl_invalid)
    __mathlib_dbl_underflow                  0x08008b5d   Thumb Code    10  dunder.o(i.__mathlib_dbl_underflow)
    __scatterload_copy                       0x08008b6d   Thumb Code    14  handlers.o(i.__scatterload_copy)
    __scatterload_null                       0x08008b7b   Thumb Code     2  handlers.o(i.__scatterload_null)
    __scatterload_zeroinit                   0x08008b7d   Thumb Code    14  handlers.o(i.__scatterload_zeroinit)
    __set_errno                              0x08008b8d   Thumb Code     6  errno.o(i.__set_errno)
    asin                                     0x08008ced   Thumb Code   572  asin.o(i.asin)
    atan                                     0x08008f5d   Thumb Code   474  atan.o(i.atan)
    atan2                                    0x0800917d   Thumb Code   374  atan2.o(i.atan2)
    sqrt                                     0x08009319   Thumb Code    76  sqrt.o(i.sqrt)
    F6x8                                     0x08009364   Data         552  oled.o(.constdata)
    F8X16                                    0x0800958c   Data        1520  oled.o(.constdata)
    hw                                       0x08009b7c   Data          12  inv_mpu.o(.constdata)
    reg                                      0x08009b88   Data          27  inv_mpu.o(.constdata)
    test                                     0x08009ba4   Data          40  inv_mpu.o(.constdata)
    __mathlib_zero                           0x0800a8b0   Data           8  qnan.o(.constdata)
    Region$$Table$$Base                      0x0800a908   Number         0  anon$$obj.o(Region$$Table)
    Region$$Table$$Limit                     0x0800a928   Number         0  anon$$obj.o(Region$$Table)
    delay_50ms                               0x20000000   Data           1  main.o(.data)
    delay_flag                               0x20000001   Data           1  main.o(.data)
    SystemCoreClock                          0x20000004   Data           4  system_stm32f10x.o(.data)
    AHBPrescTable                            0x20000008   Data          16  system_stm32f10x.o(.data)
    __stdout                                 0x2000001c   Data           4  usart.o(.data)
    USART_RX_STA                             0x20000020   Data           1  usart.o(.data)
    Fore                                     0x20000021   Data           1  usart.o(.data)
    Back                                     0x20000022   Data           1  usart.o(.data)
    Left                                     0x20000023   Data           1  usart.o(.data)
    Right                                    0x20000024   Data           1  usart.o(.data)
    Hzk                                      0x20000025   Data         896  oled.o(.data)
    Way_Angle                                0x200003a8   Data           1  control.o(.data)
    Angle_Balance                            0x200003ac   Data           4  control.o(.data)
    Gyro_Balance                             0x200003b0   Data           4  control.o(.data)
    Gyro_Turn                                0x200003b4   Data           4  control.o(.data)
    Acceleration_Z                           0x200003b8   Data           4  control.o(.data)
    Encoder_Left                             0x200003bc   Data           4  control.o(.data)
    Encoder_Right                            0x200003c0   Data           4  control.o(.data)
    Voltage                                  0x200003c4   Data           4  control.o(.data)
    PWM_MAX                                  0x200003c8   Data           4  control.o(.data)
    PWM_MIN                                  0x200003cc   Data           4  control.o(.data)
    MOTO1                                    0x200003d0   Data           4  control.o(.data)
    MOTO2                                    0x200003d4   Data           4  control.o(.data)
    ADC_TimeCnt                              0x200003d8   Data           1  control.o(.data)
    BalanceState                             0x200003d9   Data           1  control.o(.data)
    Temperature                              0x200003dc   Data           4  control.o(.data)
    gyro                                     0x200003f4   Data           6  mpu6050.o(.data)
    accel                                    0x200003fa   Data           6  mpu6050.o(.data)
    sensors                                  0x20000400   Data           2  mpu6050.o(.data)
    Pitch                                    0x20000404   Data           4  mpu6050.o(.data)
    Roll                                     0x20000408   Data           4  mpu6050.o(.data)
    q0                                       0x2000040c   Data           4  mpu6050.o(.data)
    q1                                       0x20000410   Data           4  mpu6050.o(.data)
    q2                                       0x20000414   Data           4  mpu6050.o(.data)
    q3                                       0x20000418   Data           4  mpu6050.o(.data)
    Gx_offset                                0x20000426   Data           2  mpu6050.o(.data)
    Gy_offset                                0x20000428   Data           2  mpu6050.o(.data)
    Gz_offset                                0x2000042a   Data           2  mpu6050.o(.data)
    K1                                       0x2000042c   Data           4  filter.o(.data)
    angle                                    0x20000430   Data           4  filter.o(.data)
    angle_dot                                0x20000434   Data           4  filter.o(.data)
    Q_angle                                  0x20000438   Data           4  filter.o(.data)
    Q_gyro                                   0x2000043c   Data           4  filter.o(.data)
    R_angle                                  0x20000440   Data           4  filter.o(.data)
    dt                                       0x20000444   Data           4  filter.o(.data)
    C_0                                      0x20000448   Data           1  filter.o(.data)
    Q_bias                                   0x2000044c   Data           4  filter.o(.data)
    Angle_err                                0x20000450   Data           4  filter.o(.data)
    PCt_0                                    0x20000454   Data           4  filter.o(.data)
    PCt_1                                    0x20000458   Data           4  filter.o(.data)
    E                                        0x2000045c   Data           4  filter.o(.data)
    K_0                                      0x20000460   Data           4  filter.o(.data)
    K_1                                      0x20000464   Data           4  filter.o(.data)
    t_0                                      0x20000468   Data           4  filter.o(.data)
    t_1                                      0x2000046c   Data           4  filter.o(.data)
    PP                                       0x20000470   Data          16  filter.o(.data)
    PID                                      0x200004c8   Data          48  control.o(.bss)
    buffer                                   0x200004f8   Data          14  mpu6050.o(.bss)
    MPU6050_FIFO                             0x20000506   Data         132  mpu6050.o(.bss)
    Pdot                                     0x2000058c   Data          16  filter.o(.bss)
    __initial_sp                             0x200009b0   Data           0  startup_stm32f10x_md.o(STACK)



==============================================================================

Memory Map of the image

  Image Entry point : 0x080000ed

  Load Region LR_IROM1 (Base: 0x08000000, Size: 0x0000adf0, Max: 0x00010000, ABSOLUTE, COMPRESSED[0x0000aaf0])

    Execution Region ER_IROM1 (Exec base: 0x08000000, Load base: 0x08000000, Size: 0x0000a928, Max: 0x00010000, ABSOLUTE)

    Exec Addr    Load Addr    Size         Type   Attr      Idx    E Section Name        Object

    0x08000000   0x08000000   0x000000ec   Data   RO          736    RESET               startup_stm32f10x_md.o
    0x080000ec   0x080000ec   0x00000000   Code   RO         1313  * .ARM.Collect$$$$00000000  mc_w.l(entry.o)
    0x080000ec   0x080000ec   0x00000004   Code   RO         1660    .ARM.Collect$$$$00000001  mc_w.l(entry2.o)
    0x080000f0   0x080000f0   0x00000004   Code   RO         1663    .ARM.Collect$$$$00000004  mc_w.l(entry5.o)
    0x080000f4   0x080000f4   0x00000000   Code   RO         1665    .ARM.Collect$$$$00000008  mc_w.l(entry7b.o)
    0x080000f4   0x080000f4   0x00000000   Code   RO         1667    .ARM.Collect$$$$0000000A  mc_w.l(entry8b.o)
    0x080000f4   0x080000f4   0x00000008   Code   RO         1668    .ARM.Collect$$$$0000000B  mc_w.l(entry9a.o)
    0x080000fc   0x080000fc   0x00000004   Code   RO         1675    .ARM.Collect$$$$0000000E  mc_w.l(entry12b.o)
    0x08000100   0x08000100   0x00000000   Code   RO         1670    .ARM.Collect$$$$0000000F  mc_w.l(entry10a.o)
    0x08000100   0x08000100   0x00000000   Code   RO         1672    .ARM.Collect$$$$00000011  mc_w.l(entry11a.o)
    0x08000100   0x08000100   0x00000004   Code   RO         1661    .ARM.Collect$$$$00002712  mc_w.l(entry2.o)
    0x08000104   0x08000104   0x00000070   Code   RO            4    .text               main.o
    0x08000174   0x08000174   0x0000001a   Code   RO          200    .text               stm32f10x_it.o
    0x0800018e   0x0800018e   0x00000002   PAD
    0x08000190   0x08000190   0x000001e0   Code   RO          227    .text               system_stm32f10x.o
    0x08000370   0x08000370   0x000000d4   Code   RO          257    .text               delay.o
    0x08000444   0x08000444   0x00000078   Code   RO          313    .text               sys.o
    0x080004bc   0x080004bc   0x000001c0   Code   RO          344    .text               usart.o
    0x0800067c   0x0800067c   0x00000bf8   Code   RO          381    .text               oled.o
    0x08001274   0x08001274   0x00000d90   Code   RO          412    .text               control.o
    0x08002004   0x08002004   0x000001a0   Code   RO          444    .text               encoder.o
    0x080021a4   0x080021a4   0x00000050   Code   RO          468    .text               exti.o
    0x080021f4   0x080021f4   0x00000108   Code   RO          492    .text               motor.o
    0x080022fc   0x080022fc   0x000000ac   Code   RO          516    .text               pwm.o
    0x080023a8   0x080023a8   0x00000118   Code   RO          540    .text               adc.o
    0x080024c0   0x080024c0   0x0000067c   Code   RO          564    .text               mpu6050.o
    0x08002b3c   0x08002b3c   0x00000308   Code   RO          593    .text               filter.o
    0x08002e44   0x08002e44   0x00001e90   Code   RO          615    .text               inv_mpu.o
    0x08004cd4   0x08004cd4   0x00000d70   Code   RO          651    .text               inv_mpu_dmp_motion_driver.o
    0x08005a44   0x08005a44   0x00000526   Code   RO          678    .text               ioi2c.o
    0x08005f6a   0x08005f6a   0x00000002   PAD
    0x08005f6c   0x08005f6c   0x000000cc   Code   RO          702    .text               key.o
    0x08006038   0x08006038   0x00000024   Code   RO          737    .text               startup_stm32f10x_md.o
    0x0800605c   0x0800605c   0x000000dc   Code   RO          744    .text               misc.o
    0x08006138   0x08006138   0x0000044e   Code   RO          768    .text               stm32f10x_adc.o
    0x08006586   0x08006586   0x00000002   PAD
    0x08006588   0x08006588   0x0000011c   Code   RO          960    .text               stm32f10x_exti.o
    0x080066a4   0x080066a4   0x0000035c   Code   RO         1032    .text               stm32f10x_gpio.o
    0x08006a00   0x08006a00   0x000003a4   Code   RO         1128    .text               stm32f10x_rcc.o
    0x08006da4   0x08006da4   0x00000e1a   Code   RO         1226    .text               stm32f10x_tim.o
    0x08007bbe   0x08007bbe   0x00000002   PAD
    0x08007bc0   0x08007bc0   0x00000408   Code   RO         1250    .text               stm32f10x_usart.o
    0x08007fc8   0x08007fc8   0x00000062   Code   RO         1316    .text               mc_w.l(ldiv.o)
    0x0800802a   0x0800802a   0x00000024   Code   RO         1318    .text               mc_w.l(memseta.o)
    0x0800804e   0x0800804e   0x0000000e   Code   RO         1320    .text               mc_w.l(strlen.o)
    0x0800805c   0x0800805c   0x0000001a   Code   RO         1322    .text               mc_w.l(memcmp.o)
    0x08008076   0x08008076   0x000000b0   Code   RO         1585    .text               mf_w.l(fadd.o)
    0x08008126   0x08008126   0x00000064   Code   RO         1587    .text               mf_w.l(fmul.o)
    0x0800818a   0x0800818a   0x0000007c   Code   RO         1589    .text               mf_w.l(fdiv.o)
    0x08008206   0x08008206   0x0000014e   Code   RO         1591    .text               mf_w.l(dadd.o)
    0x08008354   0x08008354   0x000000e4   Code   RO         1593    .text               mf_w.l(dmul.o)
    0x08008438   0x08008438   0x000000de   Code   RO         1595    .text               mf_w.l(ddiv.o)
    0x08008516   0x08008516   0x00000012   Code   RO         1597    .text               mf_w.l(fflti.o)
    0x08008528   0x08008528   0x0000000a   Code   RO         1599    .text               mf_w.l(ffltui.o)
    0x08008532   0x08008532   0x00000022   Code   RO         1601    .text               mf_w.l(dflti.o)
    0x08008554   0x08008554   0x0000001a   Code   RO         1603    .text               mf_w.l(dfltui.o)
    0x0800856e   0x0800856e   0x00000032   Code   RO         1605    .text               mf_w.l(ffixi.o)
    0x080085a0   0x080085a0   0x00000028   Code   RO         1607    .text               mf_w.l(ffixui.o)
    0x080085c8   0x080085c8   0x0000003e   Code   RO         1609    .text               mf_w.l(dfixi.o)
    0x08008606   0x08008606   0x00000032   Code   RO         1611    .text               mf_w.l(dfixui.o)
    0x08008638   0x08008638   0x00000026   Code   RO         1613    .text               mf_w.l(f2d.o)
    0x0800865e   0x0800865e   0x00000002   PAD
    0x08008660   0x08008660   0x00000030   Code   RO         1615    .text               mf_w.l(cdcmple.o)
    0x08008690   0x08008690   0x00000038   Code   RO         1617    .text               mf_w.l(d2f.o)
    0x080086c8   0x080086c8   0x00000014   Code   RO         1619    .text               mf_w.l(cfcmple.o)
    0x080086dc   0x080086dc   0x00000014   Code   RO         1621    .text               mf_w.l(cfrcmple.o)
    0x080086f0   0x080086f0   0x0000002c   Code   RO         1676    .text               mc_w.l(uidiv.o)
    0x0800871c   0x0800871c   0x00000062   Code   RO         1678    .text               mc_w.l(uldiv.o)
    0x0800877e   0x0800877e   0x0000001e   Code   RO         1680    .text               mc_w.l(llshl.o)
    0x0800879c   0x0800879c   0x00000020   Code   RO         1682    .text               mc_w.l(llushr.o)
    0x080087bc   0x080087bc   0x00000024   Code   RO         1684    .text               mc_w.l(llsshr.o)
    0x080087e0   0x080087e0   0x00000000   Code   RO         1693    .text               mc_w.l(iusefp.o)
    0x080087e0   0x080087e0   0x0000006e   Code   RO         1694    .text               mf_w.l(fepilogue.o)
    0x0800884e   0x0800884e   0x000000ba   Code   RO         1696    .text               mf_w.l(depilogue.o)
    0x08008908   0x08008908   0x0000002e   Code   RO         1698    .text               mf_w.l(dscalb.o)
    0x08008936   0x08008936   0x00000002   PAD
    0x08008938   0x08008938   0x00000024   Code   RO         1704    .text               mc_w.l(init.o)
    0x0800895c   0x0800895c   0x000000a2   Code   RO         1706    .text               mf_w.l(dsqrt.o)
    0x080089fe   0x080089fe   0x00000056   Code   RO         1716    .text               mc_w.l(__dczerorl2.o)
    0x08008a54   0x08008a54   0x00000020   Code   RO         1369    i.__0printf$1       mc_w.l(printf1.o)
    0x08008a74   0x08008a74   0x00000028   Code   RO         1647    i.__ARM_fpclassify  m_ws.l(fpclassify.o)
    0x08008a9c   0x08008a9c   0x000000aa   Code   RO         1649    i.__kernel_poly     m_ws.l(poly.o)
    0x08008b46   0x08008b46   0x00000006   Code   RO         1634    i.__mathlib_dbl_infnan  m_ws.l(dunder.o)
    0x08008b4c   0x08008b4c   0x00000004   Code   RO         1635    i.__mathlib_dbl_infnan2  m_ws.l(dunder.o)
    0x08008b50   0x08008b50   0x0000000c   Code   RO         1636    i.__mathlib_dbl_invalid  m_ws.l(dunder.o)
    0x08008b5c   0x08008b5c   0x00000010   Code   RO         1639    i.__mathlib_dbl_underflow  m_ws.l(dunder.o)
    0x08008b6c   0x08008b6c   0x0000000e   Code   RO         1710    i.__scatterload_copy  mc_w.l(handlers.o)
    0x08008b7a   0x08008b7a   0x00000002   Code   RO         1711    i.__scatterload_null  mc_w.l(handlers.o)
    0x08008b7c   0x08008b7c   0x0000000e   Code   RO         1712    i.__scatterload_zeroinit  mc_w.l(handlers.o)
    0x08008b8a   0x08008b8a   0x00000002   PAD
    0x08008b8c   0x08008b8c   0x0000000c   Code   RO         1688    i.__set_errno       mc_w.l(errno.o)
    0x08008b98   0x08008b98   0x00000154   Code   RO         1376    i._printf_core      mc_w.l(printf1.o)
    0x08008cec   0x08008cec   0x00000270   Code   RO         1296    i.asin              m_ws.l(asin.o)
    0x08008f5c   0x08008f5c   0x00000220   Code   RO         1624    i.atan              m_ws.l(atan.o)
    0x0800917c   0x0800917c   0x0000019c   Code   RO         1306    i.atan2             m_ws.l(atan2.o)
    0x08009318   0x08009318   0x0000004c   Code   RO         1653    i.sqrt              m_ws.l(sqrt.o)
    0x08009364   0x08009364   0x00000818   Data   RO          382    .constdata          oled.o
    0x08009b7c   0x08009b7c   0x00000050   Data   RO          616    .constdata          inv_mpu.o
    0x08009bcc   0x08009bcc   0x00000bf6   Data   RO          653    .constdata          inv_mpu_dmp_motion_driver.o
    0x0800a7c2   0x0800a7c2   0x00000006   PAD
    0x0800a7c8   0x0800a7c8   0x00000050   Data   RO         1297    .constdata          m_ws.l(asin.o)
    0x0800a818   0x0800a818   0x00000098   Data   RO         1625    .constdata          m_ws.l(atan.o)
    0x0800a8b0   0x0800a8b0   0x00000008   Data   RO         1651    .constdata          m_ws.l(qnan.o)
    0x0800a8b8   0x0800a8b8   0x0000004e   Data   RO          617    .conststring        inv_mpu.o
    0x0800a906   0x0800a906   0x00000002   PAD
    0x0800a908   0x0800a908   0x00000020   Data   RO         1708    Region$$Table       anon$$obj.o


    Execution Region RW_IRAM1 (Exec base: 0x20000000, Load base: 0x0800a928, Size: 0x000009b0, Max: 0x00005000, ABSOLUTE, COMPRESSED[0x000001c8])

    Exec Addr    Load Addr    Size         Type   Attr      Idx    E Section Name        Object

    0x20000000   COMPRESSED   0x00000002   Data   RW            5    .data               main.o
    0x20000002   COMPRESSED   0x00000002   PAD
    0x20000004   COMPRESSED   0x00000014   Data   RW          228    .data               system_stm32f10x.o
    0x20000018   COMPRESSED   0x00000004   Data   RW          258    .data               delay.o
    0x2000001c   COMPRESSED   0x00000009   Data   RW          346    .data               usart.o
    0x20000025   COMPRESSED   0x00000380   Data   RW          383    .data               oled.o
    0x200003a5   COMPRESSED   0x00000003   PAD
    0x200003a8   COMPRESSED   0x0000004c   Data   RW          414    .data               control.o
    0x200003f4   COMPRESSED   0x00000038   Data   RW          566    .data               mpu6050.o
    0x2000042c   COMPRESSED   0x00000054   Data   RW          595    .data               filter.o
    0x20000480   COMPRESSED   0x0000002c   Data   RW          618    .data               inv_mpu.o
    0x200004ac   COMPRESSED   0x00000001   Data   RW          703    .data               key.o
    0x200004ad   COMPRESSED   0x00000014   Data   RW         1129    .data               stm32f10x_rcc.o
    0x200004c1   COMPRESSED   0x00000003   PAD
    0x200004c4   COMPRESSED   0x00000004   Data   RW         1689    .data               mc_w.l(errno.o)
    0x200004c8        -       0x00000030   Zero   RW          413    .bss                control.o
    0x200004f8        -       0x00000092   Zero   RW          565    .bss                mpu6050.o
    0x2000058a   COMPRESSED   0x00000002   PAD
    0x2000058c        -       0x00000010   Zero   RW          594    .bss                filter.o
    0x2000059c        -       0x00000010   Zero   RW          652    .bss                inv_mpu_dmp_motion_driver.o
    0x200005ac   COMPRESSED   0x00000004   PAD
    0x200005b0        -       0x00000400   Zero   RW          734    STACK               startup_stm32f10x_md.o


==============================================================================

Image component sizes


      Code (inc. data)   RO Data    RW Data    ZI Data      Debug   Object Name

       280         24          0          0          0       1008   adc.o
      3472        428          0         76         48       4258   control.o
       212         18          0          4          0     215671   delay.o
       416         14          0          0          0       1493   encoder.o
        80          6          0          0          0        544   exti.o
       776         86          0         84         16       1948   filter.o
      7824        174        158         44          0      21559   inv_mpu.o
      3440        126       3062          0         16      15099   inv_mpu_dmp_motion_driver.o
      1318         12          0          0          0       5782   ioi2c.o
       204          8          0          1          0        807   key.o
       112          8          0          2          0      49351   main.o
       220         22          0          0          0       1793   misc.o
       264         26          0          0          0       1160   motor.o
      1660         78          0         56        146       5727   mpu6050.o
      3064         36       2072        896          0      10291   oled.o
       172         10          0          0          0        732   pwm.o
        36          8        236          0       1024        784   startup_stm32f10x_md.o
      1102         26          0          0          0      11033   stm32f10x_adc.o
       284         10          0          0          0       2247   stm32f10x_exti.o
       860         38          0          0          0       5725   stm32f10x_gpio.o
        26          0          0          0          0       1186   stm32f10x_it.o
       932         36          0         20          0       8896   stm32f10x_rcc.o
      3610         88          0          0          0      22832   stm32f10x_tim.o
      1032         22          0          0          0       8448   stm32f10x_usart.o
       120          8          0          0          0      29255   sys.o
       480         38          0         20          0       1727   system_stm32f10x.o
       448         30          0          9          0       3831   usart.o

    ----------------------------------------------------------------------
     32452       1380       5568       1220       1256     433187   Object Totals
         0          0         32          0          0          0   (incl. Generated)
         8          0          8          8          6          0   (incl. Padding)

    ----------------------------------------------------------------------

      Code (inc. data)   RO Data    RW Data    ZI Data      Debug   Library Member Name

       624         52         80          0          0        168   asin.o
       544         70        152          0          0        124   atan.o
       412         38          0          0          0        144   atan2.o
        38          6          0          0          0        272   dunder.o
        40          0          0          0          0         68   fpclassify.o
       170          0          0          0          0         96   poly.o
         0          0          8          0          0          0   qnan.o
        76          0          0          0          0         84   sqrt.o
        86          0          0          0          0          0   __dczerorl2.o
         0          0          0          0          0          0   entry.o
         0          0          0          0          0          0   entry10a.o
         0          0          0          0          0          0   entry11a.o
         4          0          0          0          0          0   entry12b.o
         8          4          0          0          0          0   entry2.o
         4          0          0          0          0          0   entry5.o
         0          0          0          0          0          0   entry7b.o
         0          0          0          0          0          0   entry8b.o
         8          4          0          0          0          0   entry9a.o
        12          6          0          4          0         68   errno.o
        30          0          0          0          0          0   handlers.o
        36          8          0          0          0         68   init.o
         0          0          0          0          0          0   iusefp.o
        98          0          0          0          0         84   ldiv.o
        30          0          0          0          0         68   llshl.o
        36          0          0          0          0         68   llsshr.o
        32          0          0          0          0         68   llushr.o
        26          0          0          0          0         80   memcmp.o
        36          0          0          0          0        108   memseta.o
       372         14          0          0          0        184   printf1.o
        14          0          0          0          0         68   strlen.o
        44          0          0          0          0         80   uidiv.o
        98          0          0          0          0         92   uldiv.o
        48          0          0          0          0         68   cdcmple.o
        20          0          0          0          0         68   cfcmple.o
        20          0          0          0          0         68   cfrcmple.o
        56          0          0          0          0         88   d2f.o
       334          0          0          0          0        148   dadd.o
       222          0          0          0          0        100   ddiv.o
       186          0          0          0          0        176   depilogue.o
        62          0          0          0          0         80   dfixi.o
        50          0          0          0          0         76   dfixui.o
        34          0          0          0          0         76   dflti.o
        26          0          0          0          0         76   dfltui.o
       228          0          0          0          0         96   dmul.o
        46          0          0          0          0         80   dscalb.o
       162          0          0          0          0        100   dsqrt.o
        38          0          0          0          0         68   f2d.o
       176          0          0          0          0        140   fadd.o
       124          0          0          0          0         88   fdiv.o
       110          0          0          0          0        168   fepilogue.o
        50          0          0          0          0         68   ffixi.o
        40          0          0          0          0         68   ffixui.o
        18          0          0          0          0         68   fflti.o
        10          0          0          0          0         68   ffltui.o
       100          0          0          0          0         76   fmul.o

    ----------------------------------------------------------------------
      5044        202        240          4          0       4104   Library Totals
         6          0          0          0          0          0   (incl. Padding)

    ----------------------------------------------------------------------

      Code (inc. data)   RO Data    RW Data    ZI Data      Debug   Library Name

      1904        166        240          0          0        956   m_ws.l
       974         36          0          4          0       1036   mc_w.l
      2160          0          0          0          0       2112   mf_w.l

    ----------------------------------------------------------------------
      5044        202        240          4          0       4104   Library Totals

    ----------------------------------------------------------------------

==============================================================================


      Code (inc. data)   RO Data    RW Data    ZI Data      Debug   

     37496       1582       5808       1224       1256     432895   Grand Totals
     37496       1582       5808        456       1256     432895   ELF Image Totals (compressed)
     37496       1582       5808        456          0          0   ROM Totals

==============================================================================

    Total RO  Size (Code + RO Data)                43304 (  42.29kB)
    Total RW  Size (RW Data + ZI Data)              2480 (   2.42kB)
    Total ROM Size (Code + RO Data + RW Data)      43760 (  42.73kB)

==============================================================================

